// Jest Snapshot v1, https://goo.gl/fbAQLP

exports[`Col renders without crashing 1`] = `
ShallowWrapper {
  "length": 1,
  Symbol(enzyme.__root__): [Circular],
  Symbol(enzyme.__unrendered__): <Col
    deleteCol={[Function]}
    deleteRow={[Function]}
    gridCol={
        Object {
            "deleted": false,
            "header": "type",
            "inputType": "text",
            "number": 0,
            "order": 0,
            "sort": "n",
            "type": "STRING",
            "width": 150,
          }
    }
    gridData={
        Array [
            Object {
              "amount": "-4.43",
              "date": "2016-02-23",
              "description": "POS Transaction VONS Store 1797 SAN DIEGO CAUS",
              "differed": false,
              "extdesc": "ABC VONS Store 1797 SAN DIEGO CAUS",
              "type": "POS",
            },
          ]
    }
    onRightEdge={[Function]}
    updateCell={[Function]}
    updateClicked={[Function]}
    updateColOrder={[Function]}
    updateSort={[Function]}
/>,
  Symbol(enzyme.__renderer__): Object {
    "batchedUpdates": [Function],
    "getNode": [Function],
    "render": [Function],
    "simulateEvent": [Function],
    "unmount": [Function],
  },
  Symbol(enzyme.__node__): Object {
    "instance": null,
    "key": undefined,
    "nodeType": "host",
    "props": Object {
      "children": Array [
        <CellHeader
          deleteCol={[Function]}
          gridCol={
                    Object {
                              "deleted": false,
                              "header": "type",
                              "inputType": "text",
                              "number": 0,
                              "order": 0,
                              "sort": "n",
                              "type": "STRING",
                              "width": 150,
                            }
          }
          onRightEdge={[Function]}
          updateClicked={[Function]}
          updateColOrder={[Function]}
          updateSort={[Function]}
/>,
        Array [
          <Editable
            gridCol={
                        Object {
                                    "deleted": false,
                                    "header": "type",
                                    "inputType": "text",
                                    "number": 0,
                                    "order": 0,
                                    "sort": "n",
                                    "type": "STRING",
                                    "width": 150,
                                  }
            }
            rowNumber={0}
            updateCell={[Function]}
            value="POS"
/>,
        ],
      ],
      "className": "grid-col",
      "style": Object {
        "order": 0,
        "width": "150px",
      },
    },
    "ref": null,
    "rendered": Array [
      Object {
        "instance": null,
        "key": undefined,
        "nodeType": "class",
        "props": Object {
          "deleteCol": [Function],
          "gridCol": Object {
            "deleted": false,
            "header": "type",
            "inputType": "text",
            "number": 0,
            "order": 0,
            "sort": "n",
            "type": "STRING",
            "width": 150,
          },
          "onRightEdge": [Function],
          "updateClicked": [Function],
          "updateColOrder": [Function],
          "updateSort": [Function],
        },
        "ref": null,
        "rendered": null,
        "type": [Function],
      },
      Object {
        "instance": null,
        "key": "0_0",
        "nodeType": "class",
        "props": Object {
          "gridCol": Object {
            "deleted": false,
            "header": "type",
            "inputType": "text",
            "number": 0,
            "order": 0,
            "sort": "n",
            "type": "STRING",
            "width": 150,
          },
          "rowNumber": 0,
          "updateCell": [Function],
          "value": "POS",
        },
        "ref": null,
        "rendered": null,
        "type": [Function],
      },
    ],
    "type": "div",
  },
  Symbol(enzyme.__nodes__): Array [
    Object {
      "instance": null,
      "key": undefined,
      "nodeType": "host",
      "props": Object {
        "children": Array [
          <CellHeader
            deleteCol={[Function]}
            gridCol={
                        Object {
                                    "deleted": false,
                                    "header": "type",
                                    "inputType": "text",
                                    "number": 0,
                                    "order": 0,
                                    "sort": "n",
                                    "type": "STRING",
                                    "width": 150,
                                  }
            }
            onRightEdge={[Function]}
            updateClicked={[Function]}
            updateColOrder={[Function]}
            updateSort={[Function]}
/>,
          Array [
            <Editable
              gridCol={
                            Object {
                                          "deleted": false,
                                          "header": "type",
                                          "inputType": "text",
                                          "number": 0,
                                          "order": 0,
                                          "sort": "n",
                                          "type": "STRING",
                                          "width": 150,
                                        }
              }
              rowNumber={0}
              updateCell={[Function]}
              value="POS"
/>,
          ],
        ],
        "className": "grid-col",
        "style": Object {
          "order": 0,
          "width": "150px",
        },
      },
      "ref": null,
      "rendered": Array [
        Object {
          "instance": null,
          "key": undefined,
          "nodeType": "class",
          "props": Object {
            "deleteCol": [Function],
            "gridCol": Object {
              "deleted": false,
              "header": "type",
              "inputType": "text",
              "number": 0,
              "order": 0,
              "sort": "n",
              "type": "STRING",
              "width": 150,
            },
            "onRightEdge": [Function],
            "updateClicked": [Function],
            "updateColOrder": [Function],
            "updateSort": [Function],
          },
          "ref": null,
          "rendered": null,
          "type": [Function],
        },
        Object {
          "instance": null,
          "key": "0_0",
          "nodeType": "class",
          "props": Object {
            "gridCol": Object {
              "deleted": false,
              "header": "type",
              "inputType": "text",
              "number": 0,
              "order": 0,
              "sort": "n",
              "type": "STRING",
              "width": 150,
            },
            "rowNumber": 0,
            "updateCell": [Function],
            "value": "POS",
          },
          "ref": null,
          "rendered": null,
          "type": [Function],
        },
      ],
      "type": "div",
    },
  ],
  Symbol(enzyme.__options__): Object {
    "adapter": ReactSixteenAdapter {
      "options": Object {
        "enableComponentDidUpdateOnSetState": true,
      },
    },
  },
}
`;
