// Jest Snapshot v1, https://goo.gl/fbAQLP

exports[`ColDelete renders without crashing 1`] = `
ShallowWrapper {
  "length": 1,
  Symbol(enzyme.__root__): [Circular],
  Symbol(enzyme.__unrendered__): <ColDelete
    deleteRow={[Function]}
    gridData={
        Array [
            Object {
              "amount": "-4.43",
              "date": "2016-02-23",
              "description": "POS Transaction VONS Store 1797 SAN DIEGO CAUS",
              "differed": false,
              "extdesc": "ABC VONS Store 1797 SAN DIEGO CAUS",
              "type": "POS",
            },
          ]
    }
/>,
  Symbol(enzyme.__renderer__): Object {
    "batchedUpdates": [Function],
    "getNode": [Function],
    "render": [Function],
    "simulateEvent": [Function],
    "unmount": [Function],
  },
  Symbol(enzyme.__node__): Object {
    "instance": null,
    "key": undefined,
    "nodeType": "host",
    "props": Object {
      "children": Array [
        <div
          className="cell cell-header"
/>,
        Array [
          <div
            onClick={[Function]}
>
            <i
                        className="grid-coledit fa fa-trash"
            />
</div>,
        ],
      ],
      "className": "grid-col",
      "style": Object {
        "backgroundColor": "white",
        "order": 999,
        "position": "sticky",
        "right": 0,
      },
    },
    "ref": null,
    "rendered": Array [
      Object {
        "instance": null,
        "key": undefined,
        "nodeType": "host",
        "props": Object {
          "className": "cell cell-header",
        },
        "ref": null,
        "rendered": null,
        "type": "div",
      },
      Object {
        "instance": null,
        "key": "0",
        "nodeType": "host",
        "props": Object {
          "children": <i
            className="grid-coledit fa fa-trash"
/>,
          "onClick": [Function],
        },
        "ref": null,
        "rendered": Object {
          "instance": null,
          "key": undefined,
          "nodeType": "host",
          "props": Object {
            "className": "grid-coledit fa fa-trash",
          },
          "ref": null,
          "rendered": null,
          "type": "i",
        },
        "type": "div",
      },
    ],
    "type": "div",
  },
  Symbol(enzyme.__nodes__): Array [
    Object {
      "instance": null,
      "key": undefined,
      "nodeType": "host",
      "props": Object {
        "children": Array [
          <div
            className="cell cell-header"
/>,
          Array [
            <div
              onClick={[Function]}
>
              <i
                            className="grid-coledit fa fa-trash"
              />
</div>,
          ],
        ],
        "className": "grid-col",
        "style": Object {
          "backgroundColor": "white",
          "order": 999,
          "position": "sticky",
          "right": 0,
        },
      },
      "ref": null,
      "rendered": Array [
        Object {
          "instance": null,
          "key": undefined,
          "nodeType": "host",
          "props": Object {
            "className": "cell cell-header",
          },
          "ref": null,
          "rendered": null,
          "type": "div",
        },
        Object {
          "instance": null,
          "key": "0",
          "nodeType": "host",
          "props": Object {
            "children": <i
              className="grid-coledit fa fa-trash"
/>,
            "onClick": [Function],
          },
          "ref": null,
          "rendered": Object {
            "instance": null,
            "key": undefined,
            "nodeType": "host",
            "props": Object {
              "className": "grid-coledit fa fa-trash",
            },
            "ref": null,
            "rendered": null,
            "type": "i",
          },
          "type": "div",
        },
      ],
      "type": "div",
    },
  ],
  Symbol(enzyme.__options__): Object {
    "adapter": ReactSixteenAdapter {
      "options": Object {
        "enableComponentDidUpdateOnSetState": true,
      },
    },
  },
}
`;
